Basic Git Commands

git config
git --version
git init
git add
git status
git commit
git push <repo url>
git clone <repo url>
git remote add <remote name> <repo url>
git fetch <remote name>

PS H:\DevOpsTraining\Git\FinalRepo1> git init
Initialized empty Git repository in H:/DevOpsTraining/Git/FinalRepo1/.git/
PS H:\DevOpsTraining\Git\FinalRepo1> git status
On branch master

No commits yet

Untracked files:
  (use "git add <file>..." to include in what will be committed)
        DockerDesktopOutput.pdf
        DockerOutputPlayWithDocker.pdf
        History.txt
        docker.txt
        dockeroutput2.pdf
        gitcommands.txt
        playwithdocker.txt
        ubuntuTerminal.txt

nothing added to commit but untracked files present (use "git add" to track)
PS H:\DevOpsTraining\Git\FinalRepo1> git add ubuntuTerminal.txt     
PS H:\DevOpsTraining\Git\FinalRepo1> git status
On branch master

No commits yet

Changes to be committed:
  (use "git rm --cached <file>..." to unstage)
        new file:   ubuntuTerminal.txt

Untracked files:
  (use "git add <file>..." to include in what will be committed)
        DockerDesktopOutput.pdf
        DockerOutputPlayWithDocker.pdf
        History.txt
        docker.txt
        dockeroutput2.pdf
        gitcommands.txt
        playwithdocker.txt

PS H:\DevOpsTraining\Git\FinalRepo1> git commit -m 'Ubuntu Commands'
[master (root-commit) 1e9af87] Ubuntu Commands
 1 file changed, 1462 insertions(+)
 create mode 100644 ubuntuTerminal.txt
PS H:\DevOpsTraining\Git\FinalRepo1> git add DockerDesktopOutput.pdf DockerOutputPlayWithDocker.pdf docker.txt playwithdocker.txt
PS H:\DevOpsTraining\Git\FinalRepo1> git status
On branch master
Changes to be committed:
  (use "git restore --staged <file>..." to unstage)
        new file:   DockerDesktopOutput.pdf
        new file:   DockerOutputPlayWithDocker.pdf
        new file:   docker.txt
        new file:   playwithdocker.txt

Untracked files:
  (use "git add <file>..." to include in what will be committed)
        History.txt
        dockeroutput2.pdf
        gitcommands.txt

PS H:\DevOpsTraining\Git\FinalRepo1> git commit -m 'Docker'         
[master 565fc54] Docker
 4 files changed, 1678 insertions(+)
 create mode 100644 DockerDesktopOutput.pdf
 create mode 100644 DockerOutputPlayWithDocker.pdf
 create mode 100644 docker.txt
 create mode 100644 playwithdocker.txt
PS H:\DevOpsTraining\Git\FinalRepo1> git status
On branch master
Untracked files:
  (use "git add <file>..." to include in what will be committed)
        History.txt
        gitcommands.txt

nothing added to commit but untracked files present (use "git add" to track)
PS H:\DevOpsTraining\Git\FinalRepo1> git --version
git version 2.34.1.windows.1
PS H:\DevOpsTraining\Git\FinalRepo1> git push https://github.com/abhinjithc/Final_Project_Abhinjith
Enumerating objects: 9, done.
Counting objects: 100% (9/9), done.
Delta compression using up to 8 threads
Compressing objects: 100% (8/8), done.
Writing objects: 100% (9/9), 1018.38 KiB | 1.86 MiB/s, done.
Total 9 (delta 0), reused 0 (delta 0), pack-reused 0
To https://github.com/abhinjithc/Final_Project_Abhinjith
 * [new branch]      master -> master
PS H:\DevOpsTraining\Git\FinalRepo1> 

